Archive member included because of file (symbol)

/usr/lib/i386-linux-gnu/libc_nonshared.a(elf-init.oS)
                              /usr/lib/gcc/i686-linux-gnu/4.6/../../../i386-linux-gnu/crt1.o (__libc_csu_init)

Discarded input sections

 .note.GNU-stack
                0x0000000000000000        0x0 /usr/lib/gcc/i686-linux-gnu/4.6/../../../i386-linux-gnu/crt1.o
 .gnu_debuglink
                0x0000000000000000        0xc /usr/lib/gcc/i686-linux-gnu/4.6/../../../i386-linux-gnu/crt1.o
 .note.GNU-stack
                0x0000000000000000        0x0 /usr/lib/gcc/i686-linux-gnu/4.6/../../../i386-linux-gnu/crti.o
 .gnu_debuglink
                0x0000000000000000        0xc /usr/lib/gcc/i686-linux-gnu/4.6/../../../i386-linux-gnu/crti.o
 .note.GNU-stack
                0x0000000000000000        0x0 /usr/lib/gcc/i686-linux-gnu/4.6/crtbegin.o
 .note.GNU-stack
                0x0000000000000000        0x0 /tmp/ccNY5K6i.o
 .note.GNU-stack
                0x0000000000000000        0x0 /tmp/ccXstqRS.o
 .group         0x0000000000000000        0x8 /usr/lib/i386-linux-gnu/libc_nonshared.a(elf-init.oS)
 .note.GNU-stack
                0x0000000000000000        0x0 /usr/lib/i386-linux-gnu/libc_nonshared.a(elf-init.oS)
 .note.GNU-stack
                0x0000000000000000        0x0 /usr/lib/gcc/i686-linux-gnu/4.6/crtend.o
 .note.GNU-stack
                0x0000000000000000        0x0 /usr/lib/gcc/i686-linux-gnu/4.6/../../../i386-linux-gnu/crtn.o
 .gnu_debuglink
                0x0000000000000000        0xc /usr/lib/gcc/i686-linux-gnu/4.6/../../../i386-linux-gnu/crtn.o

Memory Configuration

Name             Origin             Length             Attributes
*default*        0x0000000000000000 0xffffffffffffffff

Linker script and memory map

LOAD /usr/lib/gcc/i686-linux-gnu/4.6/../../../i386-linux-gnu/crt1.o
LOAD /usr/lib/gcc/i686-linux-gnu/4.6/../../../i386-linux-gnu/crti.o
LOAD /usr/lib/gcc/i686-linux-gnu/4.6/crtbegin.o
LOAD /tmp/ccNY5K6i.o
LOAD /tmp/ccXstqRS.o
LOAD /usr/lib/gcc/i686-linux-gnu/4.6/libgcc.a
LOAD /usr/lib/gcc/i686-linux-gnu/4.6/libgcc_s.so
LOAD /usr/lib/gcc/i686-linux-gnu/4.6/../../../i386-linux-gnu/libc.so
START GROUP
LOAD /lib/i386-linux-gnu/libc.so.6
LOAD /usr/lib/i386-linux-gnu/libc_nonshared.a
LOAD /lib/i386-linux-gnu/ld-linux.so.2
END GROUP
LOAD /usr/lib/gcc/i686-linux-gnu/4.6/libgcc.a
LOAD /usr/lib/gcc/i686-linux-gnu/4.6/libgcc_s.so
LOAD /usr/lib/gcc/i686-linux-gnu/4.6/crtend.o
LOAD /usr/lib/gcc/i686-linux-gnu/4.6/../../../i386-linux-gnu/crtn.o
                0x0000000008048000                PROVIDE (__executable_start, 0x8048000)
                0x0000000008048154                . = (0x8048000 + SIZEOF_HEADERS)

.interp         0x0000000008048154       0x13
 *(.interp)
 .interp        0x0000000008048154       0x13 /usr/lib/gcc/i686-linux-gnu/4.6/../../../i386-linux-gnu/crt1.o

.note.ABI-tag   0x0000000008048168       0x20
 .note.ABI-tag  0x0000000008048168       0x20 /usr/lib/gcc/i686-linux-gnu/4.6/../../../i386-linux-gnu/crt1.o

.note.gnu.build-id
                0x0000000008048188       0x24
 *(.note.gnu.build-id)
 .note.gnu.build-id
                0x0000000008048188       0x24 /usr/lib/gcc/i686-linux-gnu/4.6/../../../i386-linux-gnu/crt1.o

.hash
 *(.hash)

.gnu.hash       0x00000000080481ac       0x20
 *(.gnu.hash)
 .gnu.hash      0x00000000080481ac       0x20 /usr/lib/gcc/i686-linux-gnu/4.6/../../../i386-linux-gnu/crt1.o

.dynsym         0x00000000080481cc       0xe0
 *(.dynsym)
 .dynsym        0x00000000080481cc       0xe0 /usr/lib/gcc/i686-linux-gnu/4.6/../../../i386-linux-gnu/crt1.o

.dynstr         0x00000000080482ac       0x9b
 *(.dynstr)
 .dynstr        0x00000000080482ac       0x9b /usr/lib/gcc/i686-linux-gnu/4.6/../../../i386-linux-gnu/crt1.o

.gnu.version    0x0000000008048348       0x1c
 *(.gnu.version)
 .gnu.version   0x0000000008048348       0x1c /usr/lib/gcc/i686-linux-gnu/4.6/../../../i386-linux-gnu/crt1.o

.gnu.version_d  0x0000000008048364        0x0
 *(.gnu.version_d)
 .gnu.version_d
                0x0000000000000000        0x0 /usr/lib/gcc/i686-linux-gnu/4.6/../../../i386-linux-gnu/crt1.o

.gnu.version_r  0x0000000008048364       0x30
 *(.gnu.version_r)
 .gnu.version_r
                0x0000000008048364       0x30 /usr/lib/gcc/i686-linux-gnu/4.6/../../../i386-linux-gnu/crt1.o

.rel.dyn        0x0000000008048394        0x8
 *(.rel.init)
 *(.rel.text .rel.text.* .rel.gnu.linkonce.t.*)
 .rel.text      0x0000000000000000        0x0 /usr/lib/gcc/i686-linux-gnu/4.6/../../../i386-linux-gnu/crt1.o
 *(.rel.fini)
 *(.rel.rodata .rel.rodata.* .rel.gnu.linkonce.r.*)
 *(.rel.data.rel.ro* .rel.gnu.linkonce.d.rel.ro.*)
 *(.rel.data .rel.data.* .rel.gnu.linkonce.d.*)
 *(.rel.tdata .rel.tdata.* .rel.gnu.linkonce.td.*)
 *(.rel.tbss .rel.tbss.* .rel.gnu.linkonce.tb.*)
 *(.rel.ctors)
 *(.rel.dtors)
 *(.rel.got)
 .rel.got       0x0000000008048394        0x8 /usr/lib/gcc/i686-linux-gnu/4.6/../../../i386-linux-gnu/crt1.o
 *(.rel.bss .rel.bss.* .rel.gnu.linkonce.b.*)
 .rel.bss       0x0000000000000000        0x0 /usr/lib/gcc/i686-linux-gnu/4.6/../../../i386-linux-gnu/crt1.o
 *(.rel.ifunc)

.rel.plt        0x000000000804839c       0x60
 *(.rel.plt)
 .rel.plt       0x000000000804839c       0x60 /usr/lib/gcc/i686-linux-gnu/4.6/../../../i386-linux-gnu/crt1.o
                0x00000000080483fc                PROVIDE (__rel_iplt_start, .)
 *(.rel.iplt)
 .rel.iplt      0x0000000000000000        0x0 /usr/lib/gcc/i686-linux-gnu/4.6/../../../i386-linux-gnu/crt1.o
                0x00000000080483fc                PROVIDE (__rel_iplt_end, .)

.init           0x00000000080483fc       0x2e
 *(.init)
 .init          0x00000000080483fc       0x1f /usr/lib/gcc/i686-linux-gnu/4.6/../../../i386-linux-gnu/crti.o
                0x00000000080483fc                _init
 .init          0x000000000804841b        0x5 /usr/lib/gcc/i686-linux-gnu/4.6/crtbegin.o
 .init          0x0000000008048420        0x5 /usr/lib/gcc/i686-linux-gnu/4.6/crtend.o
 .init          0x0000000008048425        0x5 /usr/lib/gcc/i686-linux-gnu/4.6/../../../i386-linux-gnu/crtn.o

.plt            0x0000000008048430       0xd0
 *(.plt)
 .plt           0x0000000008048430       0xd0 /usr/lib/gcc/i686-linux-gnu/4.6/../../../i386-linux-gnu/crt1.o
                0x0000000008048440                getchar@@GLIBC_2.0
                0x0000000008048450                signal@@GLIBC_2.0
                0x0000000008048460                sleep@@GLIBC_2.0
                0x0000000008048470                __stack_chk_fail@@GLIBC_2.4
                0x0000000008048480                execvp@@GLIBC_2.0
                0x0000000008048490                getpid@@GLIBC_2.0
                0x00000000080484a0                puts@@GLIBC_2.0
                0x00000000080484c0                __libc_start_main@@GLIBC_2.0
                0x00000000080484d0                fork@@GLIBC_2.0
                0x00000000080484e0                sprintf@@GLIBC_2.0
                0x00000000080484f0                abort@@GLIBC_2.0
 *(.iplt)
 .iplt          0x0000000000000000        0x0 /usr/lib/gcc/i686-linux-gnu/4.6/../../../i386-linux-gnu/crt1.o

.text           0x0000000008048500      0x47c
 *(.text.unlikely .text.*_unlikely)
 *(.text.exit .text.exit.*)
 *(.text.startup .text.startup.*)
 *(.text.hot .text.hot.*)
 *(.text .stub .text.* .gnu.linkonce.t.*)
 .text          0x0000000008048500       0x24 /usr/lib/gcc/i686-linux-gnu/4.6/../../../i386-linux-gnu/crt1.o
                0x0000000008048500                _start
 .text          0x0000000008048524        0x0 /usr/lib/gcc/i686-linux-gnu/4.6/../../../i386-linux-gnu/crti.o
 *fill*         0x0000000008048524        0xc 90909090
 .text          0x0000000008048530       0x83 /usr/lib/gcc/i686-linux-gnu/4.6/crtbegin.o
 *fill*         0x00000000080485b3        0x1 90909090
 .text          0x00000000080485b4      0x2fe /tmp/ccNY5K6i.o
                0x00000000080485b4                get_file_id
                0x0000000008048766                register_jit_gdb
                0x000000000804880e                help
                0x0000000008048822                main
 *fill*         0x00000000080488b2        0x2 90909090
 .text          0x00000000080488b4       0x15 /tmp/ccXstqRS.o
                0x00000000080488b4                calc_md5
 *fill*         0x00000000080488c9        0x7 90909090
 .text          0x00000000080488d0       0x72 /usr/lib/i386-linux-gnu/libc_nonshared.a(elf-init.oS)
                0x00000000080488d0                __libc_csu_init
                0x0000000008048940                __libc_csu_fini
 .text.__i686.get_pc_thunk.bx
                0x0000000008048942        0x4 /usr/lib/i386-linux-gnu/libc_nonshared.a(elf-init.oS)
                0x0000000008048942                __i686.get_pc_thunk.bx
 *fill*         0x0000000008048946        0xa 90909090
 .text          0x0000000008048950       0x2a /usr/lib/gcc/i686-linux-gnu/4.6/crtend.o
 *fill*         0x000000000804897a        0x2 90909090
 .text          0x000000000804897c        0x0 /usr/lib/gcc/i686-linux-gnu/4.6/../../../i386-linux-gnu/crtn.o
 *(.gnu.warning)

.fini           0x000000000804897c       0x1a
 *(.fini)
 .fini          0x000000000804897c       0x10 /usr/lib/gcc/i686-linux-gnu/4.6/../../../i386-linux-gnu/crti.o
                0x000000000804897c                _fini
 .fini          0x000000000804898c        0x5 /usr/lib/gcc/i686-linux-gnu/4.6/crtbegin.o
 .fini          0x0000000008048991        0x5 /usr/lib/gcc/i686-linux-gnu/4.6/../../../i386-linux-gnu/crtn.o
                0x0000000008048996                PROVIDE (__etext, .)
                0x0000000008048996                PROVIDE (_etext, .)
                0x0000000008048996                PROVIDE (etext, .)

.rodata         0x0000000008048998       0xcc
 *(.rodata .rodata.* .gnu.linkonce.r.*)
 .rodata        0x0000000008048998        0x4 /usr/lib/gcc/i686-linux-gnu/4.6/../../../i386-linux-gnu/crt1.o
                0x0000000008048998                _fp_hw
 .rodata.cst4   0x000000000804899c        0x4 /usr/lib/gcc/i686-linux-gnu/4.6/../../../i386-linux-gnu/crt1.o
                0x000000000804899c                _IO_stdin_used
 .rodata        0x00000000080489a0       0xc4 /tmp/ccNY5K6i.o

.rodata1
 *(.rodata1)

.eh_frame_hdr   0x0000000008048a64       0x64
 *(.eh_frame_hdr)
 .eh_frame_hdr  0x0000000008048a64       0x64 /usr/lib/gcc/i686-linux-gnu/4.6/../../../i386-linux-gnu/crt1.o

.eh_frame       0x0000000008048ac8      0x194
 *(.eh_frame)
 .eh_frame      0x0000000008048ac8       0x3c /usr/lib/gcc/i686-linux-gnu/4.6/../../../i386-linux-gnu/crt1.o
                                         0x40 (size before relaxing)
 .eh_frame      0x0000000008048b04       0xd0 /tmp/ccNY5K6i.o
                                         0xe8 (size before relaxing)
 .eh_frame      0x0000000008048bd4       0x20 /tmp/ccXstqRS.o
                                         0x38 (size before relaxing)
 .eh_frame      0x0000000008048bf4       0x64 /usr/lib/i386-linux-gnu/libc_nonshared.a(elf-init.oS)
                                         0x7c (size before relaxing)
 .eh_frame      0x0000000008048c58        0x4 /usr/lib/gcc/i686-linux-gnu/4.6/crtend.o

.gcc_except_table
 *(.gcc_except_table .gcc_except_table.*)

.exception_ranges
 *(.exception_ranges .exception_ranges*)
                0x0000000008048c5c                . = (ALIGN (0x1000) - ((0x1000 - .) & 0xfff))
                0x0000000008049f14                . = DATA_SEGMENT_ALIGN (0x1000, 0x1000)

.eh_frame
 *(.eh_frame)

.gcc_except_table
 *(.gcc_except_table .gcc_except_table.*)

.exception_ranges
 *(.exception_ranges .exception_ranges*)

.tdata
 *(.tdata .tdata.* .gnu.linkonce.td.*)

.tbss
 *(.tbss .tbss.* .gnu.linkonce.tb.*)
 *(.tcommon)

.preinit_array  0x0000000008049f14        0x0
                0x0000000008049f14                PROVIDE (__preinit_array_start, .)
 *(.preinit_array)
                0x0000000008049f14                PROVIDE (__preinit_array_end, .)

.init_array     0x0000000008049f14        0x0
                0x0000000008049f14                PROVIDE (__init_array_start, .)
 *(SORT(.init_array.*) SORT(.ctors.*))
 *(.init_array)
 *(EXCLUDE_FILE(*crtend?.o *crtend.o *crtbegin?.o *crtbegin.o) .ctors)
                0x0000000008049f14                PROVIDE (__init_array_end, .)

.fini_array     0x0000000008049f14        0x0
                0x0000000008049f14                PROVIDE (__fini_array_start, .)
 *(SORT(.fini_array.*) SORT(.dtors.*))
 *(.fini_array)
 *(EXCLUDE_FILE(*crtend?.o *crtend.o *crtbegin?.o *crtbegin.o) .dtors)
                0x0000000008049f14                PROVIDE (__fini_array_end, .)

.ctors          0x0000000008049f14        0x8
 *crtbegin.o(.ctors)
 .ctors         0x0000000008049f14        0x4 /usr/lib/gcc/i686-linux-gnu/4.6/crtbegin.o
 *crtbegin?.o(.ctors)
 *(EXCLUDE_FILE(*crtend?.o *crtend.o) .ctors)
 *(SORT(.ctors.*))
 *(.ctors)
 .ctors         0x0000000008049f18        0x4 /usr/lib/gcc/i686-linux-gnu/4.6/crtend.o

.dtors          0x0000000008049f1c        0x8
 *crtbegin.o(.dtors)
 .dtors         0x0000000008049f1c        0x4 /usr/lib/gcc/i686-linux-gnu/4.6/crtbegin.o
 *crtbegin?.o(.dtors)
 *(EXCLUDE_FILE(*crtend?.o *crtend.o) .dtors)
 *(SORT(.dtors.*))
 *(.dtors)
 .dtors         0x0000000008049f20        0x4 /usr/lib/gcc/i686-linux-gnu/4.6/crtend.o
                0x0000000008049f20                __DTOR_END__

.jcr            0x0000000008049f24        0x4
 *(.jcr)
 .jcr           0x0000000008049f24        0x0 /usr/lib/gcc/i686-linux-gnu/4.6/crtbegin.o
 .jcr           0x0000000008049f24        0x4 /usr/lib/gcc/i686-linux-gnu/4.6/crtend.o

.data.rel.ro
 *(.data.rel.ro.local* .gnu.linkonce.d.rel.ro.local.*)
 *(.data.rel.ro* .gnu.linkonce.d.rel.ro.*)

.dynamic        0x0000000008049f28       0xc8
 *(.dynamic)
 .dynamic       0x0000000008049f28       0xc8 /usr/lib/gcc/i686-linux-gnu/4.6/../../../i386-linux-gnu/crt1.o
                0x0000000008049f28                _DYNAMIC

.got            0x0000000008049ff0        0x4
 *(.got)
 .got           0x0000000008049ff0        0x4 /usr/lib/gcc/i686-linux-gnu/4.6/../../../i386-linux-gnu/crt1.o
 *(.igot)
                0x0000000008049ff4                . = DATA_SEGMENT_RELRO_END (., 0xc)

.got.plt        0x0000000008049ff4       0x3c
 *(.got.plt)
 .got.plt       0x0000000008049ff4       0x3c /usr/lib/gcc/i686-linux-gnu/4.6/../../../i386-linux-gnu/crt1.o
                0x0000000008049ff4                _GLOBAL_OFFSET_TABLE_
 *(.igot.plt)
 .igot.plt      0x0000000000000000        0x0 /usr/lib/gcc/i686-linux-gnu/4.6/../../../i386-linux-gnu/crt1.o

.data           0x000000000804a030        0xc
 *(.data .data.* .gnu.linkonce.d.*)
 .data          0x000000000804a030        0x4 /usr/lib/gcc/i686-linux-gnu/4.6/../../../i386-linux-gnu/crt1.o
                0x000000000804a030                data_start
                0x000000000804a030                __data_start
 .data          0x000000000804a034        0x0 /usr/lib/gcc/i686-linux-gnu/4.6/../../../i386-linux-gnu/crti.o
 .data          0x000000000804a034        0x4 /usr/lib/gcc/i686-linux-gnu/4.6/crtbegin.o
                0x000000000804a034                __dso_handle
 .data          0x000000000804a038        0x4 /tmp/ccNY5K6i.o
 .data          0x000000000804a03c        0x0 /tmp/ccXstqRS.o
 .data          0x000000000804a03c        0x0 /usr/lib/i386-linux-gnu/libc_nonshared.a(elf-init.oS)
 .data          0x000000000804a03c        0x0 /usr/lib/gcc/i686-linux-gnu/4.6/crtend.o
 .data          0x000000000804a03c        0x0 /usr/lib/gcc/i686-linux-gnu/4.6/../../../i386-linux-gnu/crtn.o

.data1
 *(.data1)
                0x000000000804a03c                _edata = .
                0x000000000804a03c                PROVIDE (edata, .)
                0x000000000804a03c                __bss_start = .

.bss            0x000000000804a03c        0x8
 *(.dynbss)
 .dynbss        0x0000000000000000        0x0 /usr/lib/gcc/i686-linux-gnu/4.6/../../../i386-linux-gnu/crt1.o
 *(.bss .bss.* .gnu.linkonce.b.*)
 .bss           0x000000000804a03c        0x0 /usr/lib/gcc/i686-linux-gnu/4.6/../../../i386-linux-gnu/crt1.o
 .bss           0x000000000804a03c        0x0 /usr/lib/gcc/i686-linux-gnu/4.6/../../../i386-linux-gnu/crti.o
 .bss           0x000000000804a03c        0x8 /usr/lib/gcc/i686-linux-gnu/4.6/crtbegin.o
 .bss           0x000000000804a044        0x0 /tmp/ccNY5K6i.o
 .bss           0x000000000804a044        0x0 /tmp/ccXstqRS.o
 .bss           0x000000000804a044        0x0 /usr/lib/i386-linux-gnu/libc_nonshared.a(elf-init.oS)
 .bss           0x000000000804a044        0x0 /usr/lib/gcc/i686-linux-gnu/4.6/crtend.o
 .bss           0x000000000804a044        0x0 /usr/lib/gcc/i686-linux-gnu/4.6/../../../i386-linux-gnu/crtn.o
 *(COMMON)
                0x000000000804a044                . = ALIGN ((. != 0x0)?0x4:0x1)
                0x000000000804a044                . = ALIGN (0x4)
                0x000000000804a044                . = ALIGN (0x4)
                0x000000000804a044                _end = .
                0x000000000804a044                PROVIDE (end, .)
                0x000000000804a044                . = DATA_SEGMENT_END (.)

.stab
 *(.stab)

.stabstr
 *(.stabstr)

.stab.excl
 *(.stab.excl)

.stab.exclstr
 *(.stab.exclstr)

.stab.index
 *(.stab.index)

.stab.indexstr
 *(.stab.indexstr)

.comment        0x0000000000000000       0x2a
 *(.comment)
 .comment       0x0000000000000000       0x2a /usr/lib/gcc/i686-linux-gnu/4.6/crtbegin.o
                                         0x2b (size before relaxing)
 .comment       0x0000000000000000       0x2b /tmp/ccNY5K6i.o
 .comment       0x0000000000000000       0x2b /tmp/ccXstqRS.o
 .comment       0x0000000000000000       0x2b /usr/lib/i386-linux-gnu/libc_nonshared.a(elf-init.oS)
 .comment       0x0000000000000000       0x2b /usr/lib/gcc/i686-linux-gnu/4.6/crtend.o

.debug
 *(.debug)

.line
 *(.line)

.debug_srcinfo
 *(.debug_srcinfo)

.debug_sfnames
 *(.debug_sfnames)

.debug_aranges  0x0000000000000000       0x40
 *(.debug_aranges)
 .debug_aranges
                0x0000000000000000       0x20 /tmp/ccNY5K6i.o
 .debug_aranges
                0x0000000000000020       0x20 /tmp/ccXstqRS.o

.debug_pubnames
 *(.debug_pubnames)

.debug_info     0x0000000000000000      0x363
 *(.debug_info .gnu.linkonce.wi.*)
 .debug_info    0x0000000000000000      0x2a9 /tmp/ccNY5K6i.o
 .debug_info    0x00000000000002a9       0xba /tmp/ccXstqRS.o

.debug_abbrev   0x0000000000000000      0x198
 *(.debug_abbrev)
 .debug_abbrev  0x0000000000000000      0x110 /tmp/ccNY5K6i.o
 .debug_abbrev  0x0000000000000110       0x88 /tmp/ccXstqRS.o

.debug_line     0x0000000000000000      0x4cb
 *(.debug_line)
 .debug_line    0x0000000000000000      0x495 /tmp/ccNY5K6i.o
 .debug_line    0x0000000000000495       0x36 /tmp/ccXstqRS.o

.debug_frame
 *(.debug_frame)

.debug_str      0x0000000000000000      0x142
 *(.debug_str)
 .debug_str     0x0000000000000000      0x137 /tmp/ccNY5K6i.o
                                        0x170 (size before relaxing)
 .debug_str     0x0000000000000137        0xb /tmp/ccXstqRS.o
                                         0x4c (size before relaxing)

.debug_loc      0x0000000000000000      0x188
 *(.debug_loc)
 .debug_loc     0x0000000000000000      0x150 /tmp/ccNY5K6i.o
 .debug_loc     0x0000000000000150       0x38 /tmp/ccXstqRS.o

.debug_macinfo  0x0000000000000000     0xc80a
 *(.debug_macinfo)
 .debug_macinfo
                0x0000000000000000     0xb106 /tmp/ccNY5K6i.o
 .debug_macinfo
                0x000000000000b106     0x1704 /tmp/ccXstqRS.o

.debug_weaknames
 *(.debug_weaknames)

.debug_funcnames
 *(.debug_funcnames)

.debug_typenames
 *(.debug_typenames)

.debug_varnames
 *(.debug_varnames)

.debug_pubtypes
 *(.debug_pubtypes)

.debug_ranges
 *(.debug_ranges)

.gnu.attributes
 *(.gnu.attributes)

/DISCARD/
 *(.note.GNU-stack)
 *(.gnu_debuglink)
 *(.gnu.lto_*)
OUTPUT(hdtrap elf32-i386)
