Archive member included to satisfy reference by file (symbol)

/usr/lib32/libc_nonshared.a(elf-init.oS)
                              /usr/lib/gcc/x86_64-linux-gnu/5/../../../../lib32/crt1.o (__libc_csu_init)

Discarded input sections

 .note.GNU-stack
                0x0000000000000000        0x0 /usr/lib/gcc/x86_64-linux-gnu/5/../../../../lib32/crt1.o
 .note.GNU-stack
                0x0000000000000000        0x0 /usr/lib/gcc/x86_64-linux-gnu/5/../../../../lib32/crti.o
 .note.GNU-stack
                0x0000000000000000        0x0 /usr/lib/gcc/x86_64-linux-gnu/5/32/crtbegin.o
 .group         0x0000000000000000        0x8 hdtrap.o
 .group         0x0000000000000000        0x8 hdtrap.o
 .group         0x0000000000000000        0x8 hdtrap.o
 .group         0x0000000000000000        0x8 hdtrap.o
 .group         0x0000000000000000        0x8 hdtrap.o
 .group         0x0000000000000000        0x8 hdtrap.o
 .group         0x0000000000000000        0x8 hdtrap.o
 .group         0x0000000000000000        0x8 hdtrap.o
 .group         0x0000000000000000        0x8 hdtrap.o
 .group         0x0000000000000000        0x8 hdtrap.o
 .group         0x0000000000000000        0x8 hdtrap.o
 .group         0x0000000000000000        0x8 hdtrap.o
 .group         0x0000000000000000        0x8 hdtrap.o
 .group         0x0000000000000000        0x8 hdtrap.o
 .group         0x0000000000000000        0x8 hdtrap.o
 .group         0x0000000000000000        0x8 hdtrap.o
 .group         0x0000000000000000        0x8 hdtrap.o
 .group         0x0000000000000000        0x8 hdtrap.o
 .group         0x0000000000000000        0x8 hdtrap.o
 .group         0x0000000000000000        0x8 hdtrap.o
 .group         0x0000000000000000        0x8 hdtrap.o
 .group         0x0000000000000000        0x8 hdtrap.o
 .group         0x0000000000000000        0x8 hdtrap.o
 .group         0x0000000000000000        0x8 hdtrap.o
 .group         0x0000000000000000        0x8 hdtrap.o
 .group         0x0000000000000000        0x8 hdtrap.o
 .group         0x0000000000000000        0x8 hdtrap.o
 .group         0x0000000000000000        0x8 hdtrap.o
 .group         0x0000000000000000        0x8 hdtrap.o
 .group         0x0000000000000000        0x8 hdtrap.o
 .group         0x0000000000000000        0x8 hdtrap.o
 .group         0x0000000000000000        0x8 hdtrap.o
 .group         0x0000000000000000        0x8 hdtrap.o
 .group         0x0000000000000000        0x8 hdtrap.o
 .group         0x0000000000000000        0x8 hdtrap.o
 .group         0x0000000000000000        0x8 hdtrap.o
 .group         0x0000000000000000        0x8 hdtrap.o
 .group         0x0000000000000000        0x8 hdtrap.o
 .group         0x0000000000000000        0x8 hdtrap.o
 .group         0x0000000000000000        0x8 hdtrap.o
 .group         0x0000000000000000        0x8 hdtrap.o
 .group         0x0000000000000000        0x8 hdtrap.o
 .group         0x0000000000000000        0x8 hdtrap.o
 .group         0x0000000000000000        0x8 hdtrap.o
 .group         0x0000000000000000        0x8 hdtrap.o
 .group         0x0000000000000000        0x8 hdtrap.o
 .group         0x0000000000000000        0x8 hdtrap.o
 .group         0x0000000000000000        0x8 hdtrap.o
 .group         0x0000000000000000        0x8 hdtrap.o
 .group         0x0000000000000000        0x8 hdtrap.o
 .group         0x0000000000000000        0x8 hdtrap.o
 .group         0x0000000000000000        0x8 hdtrap.o
 .group         0x0000000000000000        0x8 hdtrap.o
 .group         0x0000000000000000        0x8 hdtrap.o
 .group         0x0000000000000000        0x8 hdtrap.o
 .group         0x0000000000000000        0x8 hdtrap.o
 .group         0x0000000000000000        0x8 hdtrap.o
 .group         0x0000000000000000        0x8 hdtrap.o
 .group         0x0000000000000000        0x8 hdtrap.o
 .group         0x0000000000000000        0x8 hdtrap.o
 .group         0x0000000000000000        0x8 hdtrap.o
 .group         0x0000000000000000        0x8 hdtrap.o
 .group         0x0000000000000000        0x8 hdtrap.o
 .group         0x0000000000000000        0x8 hdtrap.o
 .note.GNU-stack
                0x0000000000000000        0x0 hdtrap.o
 .group         0x0000000000000000        0x8 md5.o
 .group         0x0000000000000000        0x8 md5.o
 .debug_macro   0x0000000000000000      0x58c md5.o
 .debug_macro   0x0000000000000000       0x22 md5.o
 .note.GNU-stack
                0x0000000000000000        0x0 md5.o
 .group         0x0000000000000000        0x8 /usr/lib32/libc_nonshared.a(elf-init.oS)
 .text.__x86.get_pc_thunk.bx
                0x0000000000000000        0x4 /usr/lib32/libc_nonshared.a(elf-init.oS)
 .note.GNU-stack
                0x0000000000000000        0x0 /usr/lib32/libc_nonshared.a(elf-init.oS)
 .note.GNU-stack
                0x0000000000000000        0x0 /usr/lib/gcc/x86_64-linux-gnu/5/32/crtend.o
 .note.GNU-stack
                0x0000000000000000        0x0 /usr/lib/gcc/x86_64-linux-gnu/5/../../../../lib32/crtn.o

Memory Configuration

Name             Origin             Length             Attributes
*default*        0x0000000000000000 0xffffffffffffffff

Linker script and memory map

LOAD /usr/lib/gcc/x86_64-linux-gnu/5/../../../../lib32/crt1.o
LOAD /usr/lib/gcc/x86_64-linux-gnu/5/../../../../lib32/crti.o
LOAD /usr/lib/gcc/x86_64-linux-gnu/5/32/crtbegin.o
LOAD /usr/lib/gcc/x86_64-linux-gnu/5/../../../../lib32/libm.so
LOAD /usr/lib/gcc/x86_64-linux-gnu/5/../../../../lib32/libpthread.so
START GROUP
LOAD /lib32/libpthread.so.0
LOAD /usr/lib32/libpthread_nonshared.a
END GROUP
LOAD hdtrap.o
LOAD md5.o
LOAD /usr/lib/gcc/x86_64-linux-gnu/5/32/libgcc.a
LOAD /usr/lib/gcc/x86_64-linux-gnu/5/32/libgcc_s.so
LOAD /usr/lib/gcc/x86_64-linux-gnu/5/../../../../lib32/libc.so
START GROUP
LOAD /lib32/libc.so.6
LOAD /usr/lib32/libc_nonshared.a
LOAD /lib32/ld-linux.so.2
END GROUP
LOAD /usr/lib/gcc/x86_64-linux-gnu/5/32/libgcc.a
LOAD /usr/lib/gcc/x86_64-linux-gnu/5/32/libgcc_s.so
LOAD /usr/lib/gcc/x86_64-linux-gnu/5/32/crtend.o
LOAD /usr/lib/gcc/x86_64-linux-gnu/5/../../../../lib32/crtn.o
                [!provide]                        PROVIDE (__executable_start, 0x8048000)
                0x0000000008048154                . = (0x8048000 + SIZEOF_HEADERS)

.interp         0x0000000008048154       0x13
 *(.interp)
 .interp        0x0000000008048154       0x13 /usr/lib/gcc/x86_64-linux-gnu/5/../../../../lib32/crt1.o

.note.ABI-tag   0x0000000008048168       0x20
 .note.ABI-tag  0x0000000008048168       0x20 /usr/lib/gcc/x86_64-linux-gnu/5/../../../../lib32/crt1.o

.note.gnu.build-id
                0x0000000008048188       0x24
 *(.note.gnu.build-id)
 .note.gnu.build-id
                0x0000000008048188       0x24 /usr/lib/gcc/x86_64-linux-gnu/5/../../../../lib32/crt1.o

.hash
 *(.hash)

.gnu.hash       0x00000000080481ac       0x20
 *(.gnu.hash)
 .gnu.hash      0x00000000080481ac       0x20 /usr/lib/gcc/x86_64-linux-gnu/5/../../../../lib32/crt1.o

.dynsym         0x00000000080481cc      0x120
 *(.dynsym)
 .dynsym        0x00000000080481cc      0x120 /usr/lib/gcc/x86_64-linux-gnu/5/../../../../lib32/crt1.o

.dynstr         0x00000000080482ec       0xb0
 *(.dynstr)
 .dynstr        0x00000000080482ec       0xb0 /usr/lib/gcc/x86_64-linux-gnu/5/../../../../lib32/crt1.o

.gnu.version    0x000000000804839c       0x24
 *(.gnu.version)
 .gnu.version   0x000000000804839c       0x24 /usr/lib/gcc/x86_64-linux-gnu/5/../../../../lib32/crt1.o

.gnu.version_d  0x00000000080483c0        0x0
 *(.gnu.version_d)
 .gnu.version_d
                0x00000000080483c0        0x0 /usr/lib/gcc/x86_64-linux-gnu/5/../../../../lib32/crt1.o

.gnu.version_r  0x00000000080483c0       0x30
 *(.gnu.version_r)
 .gnu.version_r
                0x00000000080483c0       0x30 /usr/lib/gcc/x86_64-linux-gnu/5/../../../../lib32/crt1.o

.rel.dyn        0x00000000080483f0        0x8
 *(.rel.init)
 *(.rel.text .rel.text.* .rel.gnu.linkonce.t.*)
 .rel.text      0x00000000080483f0        0x0 /usr/lib/gcc/x86_64-linux-gnu/5/../../../../lib32/crt1.o
 *(.rel.fini)
 *(.rel.rodata .rel.rodata.* .rel.gnu.linkonce.r.*)
 *(.rel.data.rel.ro .rel.data.rel.ro.* .rel.gnu.linkonce.d.rel.ro.*)
 *(.rel.data .rel.data.* .rel.gnu.linkonce.d.*)
 *(.rel.tdata .rel.tdata.* .rel.gnu.linkonce.td.*)
 *(.rel.tbss .rel.tbss.* .rel.gnu.linkonce.tb.*)
 *(.rel.ctors)
 *(.rel.dtors)
 *(.rel.got)
 .rel.got       0x00000000080483f0        0x8 /usr/lib/gcc/x86_64-linux-gnu/5/../../../../lib32/crt1.o
 *(.rel.bss .rel.bss.* .rel.gnu.linkonce.b.*)
 .rel.bss       0x00000000080483f8        0x0 /usr/lib/gcc/x86_64-linux-gnu/5/../../../../lib32/crt1.o
 *(.rel.ifunc)

.rel.plt        0x00000000080483f8       0x78
 *(.rel.plt)
 .rel.plt       0x00000000080483f8       0x78 /usr/lib/gcc/x86_64-linux-gnu/5/../../../../lib32/crt1.o
                [!provide]                        PROVIDE (__rel_iplt_start, .)
 *(.rel.iplt)
 .rel.iplt      0x0000000008048470        0x0 /usr/lib/gcc/x86_64-linux-gnu/5/../../../../lib32/crt1.o
                [!provide]                        PROVIDE (__rel_iplt_end, .)

.init           0x0000000008048470       0x23
 *(SORT(.init))
 .init          0x0000000008048470       0x1e /usr/lib/gcc/x86_64-linux-gnu/5/../../../../lib32/crti.o
                0x0000000008048470                _init
 .init          0x000000000804848e        0x5 /usr/lib/gcc/x86_64-linux-gnu/5/../../../../lib32/crtn.o

.plt            0x00000000080484a0      0x100
 *(.plt)
 .plt           0x00000000080484a0      0x100 /usr/lib/gcc/x86_64-linux-gnu/5/../../../../lib32/crt1.o
                0x00000000080484b0                strstr@@GLIBC_2.0
                0x00000000080484c0                strcmp@@GLIBC_2.0
                0x00000000080484d0                printf@@GLIBC_2.0
                0x00000000080484e0                getchar@@GLIBC_2.0
                0x00000000080484f0                signal@@GLIBC_2.0
                0x0000000008048500                sleep@@GLIBC_2.0
                0x0000000008048510                __stack_chk_fail@@GLIBC_2.4
                0x0000000008048520                execvp@@GLIBC_2.0
                0x0000000008048530                getpid@@GLIBC_2.0
                0x0000000008048540                puts@@GLIBC_2.0
                0x0000000008048550                strlen@@GLIBC_2.0
                0x0000000008048560                __libc_start_main@@GLIBC_2.0
                0x0000000008048570                fork@@GLIBC_2.0
                0x0000000008048580                sprintf@@GLIBC_2.0
                0x0000000008048590                abort@@GLIBC_2.0
 *(.iplt)
 .iplt          0x00000000080485a0        0x0 /usr/lib/gcc/x86_64-linux-gnu/5/../../../../lib32/crt1.o

.plt.got        0x00000000080485a0        0x8
 *(.plt.got)
 .plt.got       0x00000000080485a0        0x8 /usr/lib/gcc/x86_64-linux-gnu/5/../../../../lib32/crt1.o

.text           0x00000000080485b0      0x492
 *(.text.unlikely .text.*_unlikely .text.unlikely.*)
 .text.unlikely
                0x00000000080485b0        0x0 /usr/lib/gcc/x86_64-linux-gnu/5/32/crtbegin.o
 .text.unlikely
                0x00000000080485b0        0x0 /usr/lib32/libc_nonshared.a(elf-init.oS)
 *(.text.exit .text.exit.*)
 *(.text.startup .text.startup.*)
 *(.text.hot .text.hot.*)
 *(.text .stub .text.* .gnu.linkonce.t.*)
 .text          0x00000000080485b0       0x22 /usr/lib/gcc/x86_64-linux-gnu/5/../../../../lib32/crt1.o
                0x00000000080485b0                _start
 .text          0x00000000080485d2        0x0 /usr/lib/gcc/x86_64-linux-gnu/5/../../../../lib32/crti.o
 *fill*         0x00000000080485d2        0xe 
 .gnu.linkonce.t.__x86.get_pc_thunk.bx
                0x00000000080485e0        0x4 /usr/lib/gcc/x86_64-linux-gnu/5/../../../../lib32/crti.o
                0x00000000080485e0                __x86.get_pc_thunk.bx
 *fill*         0x00000000080485e4        0xc 
 .text          0x00000000080485f0       0xbb /usr/lib/gcc/x86_64-linux-gnu/5/32/crtbegin.o
 .text          0x00000000080486ab      0x313 hdtrap.o
                0x00000000080486ab                get_file_id
                0x0000000008048846                register_jit_gdb
                0x00000000080488df                help
                0x00000000080488f8                main
 .text          0x00000000080489be       0x15 md5.o
                0x00000000080489be                calc_md5
 *fill*         0x00000000080489d3        0xd 
 .text          0x00000000080489e0       0x62 /usr/lib32/libc_nonshared.a(elf-init.oS)
                0x00000000080489e0                __libc_csu_init
                0x0000000008048a40                __libc_csu_fini
 .text          0x0000000008048a42        0x0 /usr/lib/gcc/x86_64-linux-gnu/5/32/crtend.o
 .text          0x0000000008048a42        0x0 /usr/lib/gcc/x86_64-linux-gnu/5/../../../../lib32/crtn.o
 *(.gnu.warning)

.fini           0x0000000008048a44       0x14
 *(SORT(.fini))
 .fini          0x0000000008048a44        0xf /usr/lib/gcc/x86_64-linux-gnu/5/../../../../lib32/crti.o
                0x0000000008048a44                _fini
 .fini          0x0000000008048a53        0x5 /usr/lib/gcc/x86_64-linux-gnu/5/../../../../lib32/crtn.o
                [!provide]                        PROVIDE (__etext, .)
                [!provide]                        PROVIDE (_etext, .)
                [!provide]                        PROVIDE (etext, .)

.rodata         0x0000000008048a58       0xaa
 *(.rodata .rodata.* .gnu.linkonce.r.*)
 .rodata        0x0000000008048a58        0x4 /usr/lib/gcc/x86_64-linux-gnu/5/../../../../lib32/crt1.o
                0x0000000008048a58                _fp_hw
 .rodata.cst4   0x0000000008048a5c        0x4 /usr/lib/gcc/x86_64-linux-gnu/5/../../../../lib32/crt1.o
                0x0000000008048a5c                _IO_stdin_used
 .rodata        0x0000000008048a60       0xa2 hdtrap.o

.rodata1
 *(.rodata1)

.eh_frame_hdr   0x0000000008048b04       0x5c
 *(.eh_frame_hdr)
 .eh_frame_hdr  0x0000000008048b04       0x5c hdtrap.o
                0x0000000008048b04                __GNU_EH_FRAME_HDR
 *(.eh_frame_entry .eh_frame_entry.*)

.eh_frame       0x0000000008048b60      0x194
 *(.eh_frame)
 .eh_frame      0x0000000008048b60       0x3c /usr/lib/gcc/x86_64-linux-gnu/5/../../../../lib32/crt1.o
                                         0x40 (size before relaxing)
 .eh_frame      0x0000000008048b9c       0xd4 hdtrap.o
                                         0xec (size before relaxing)
 .eh_frame      0x0000000008048c70       0x20 md5.o
                                         0x38 (size before relaxing)
 .eh_frame      0x0000000008048c90       0x60 /usr/lib32/libc_nonshared.a(elf-init.oS)
                                         0x8c (size before relaxing)
 .eh_frame      0x0000000008048cf0        0x4 /usr/lib/gcc/x86_64-linux-gnu/5/32/crtend.o
 *(.eh_frame.*)

.gcc_except_table
 *(.gcc_except_table .gcc_except_table.*)

.gnu_extab
 *(.gnu_extab*)

.exception_ranges
 *(.exception_ranges .exception_ranges*)
                0x0000000008049f08                . = DATA_SEGMENT_ALIGN (0x1000, 0x1000)

.eh_frame
 *(.eh_frame)
 *(.eh_frame.*)

.gnu_extab
 *(.gnu_extab)

.gcc_except_table
 *(.gcc_except_table .gcc_except_table.*)

.exception_ranges
 *(.exception_ranges .exception_ranges*)

.tdata
 *(.tdata .tdata.* .gnu.linkonce.td.*)

.tbss
 *(.tbss .tbss.* .gnu.linkonce.tb.*)
 *(.tcommon)

.preinit_array  0x0000000008049f08        0x0
                [!provide]                        PROVIDE (__preinit_array_start, .)
 *(.preinit_array)
                [!provide]                        PROVIDE (__preinit_array_end, .)

.init_array     0x0000000008049f08        0x4
                0x0000000008049f08                PROVIDE (__init_array_start, .)
 *(SORT(.init_array.*) SORT(.ctors.*))
 *(.init_array EXCLUDE_FILE(*crtend?.o *crtend.o *crtbegin?.o *crtbegin.o) .ctors)
 .init_array    0x0000000008049f08        0x4 /usr/lib/gcc/x86_64-linux-gnu/5/32/crtbegin.o
                0x0000000008049f0c                PROVIDE (__init_array_end, .)

.fini_array     0x0000000008049f0c        0x4
                [!provide]                        PROVIDE (__fini_array_start, .)
 *(SORT(.fini_array.*) SORT(.dtors.*))
 *(.fini_array EXCLUDE_FILE(*crtend?.o *crtend.o *crtbegin?.o *crtbegin.o) .dtors)
 .fini_array    0x0000000008049f0c        0x4 /usr/lib/gcc/x86_64-linux-gnu/5/32/crtbegin.o
                [!provide]                        PROVIDE (__fini_array_end, .)

.ctors
 *crtbegin.o(.ctors)
 *crtbegin?.o(.ctors)
 *(EXCLUDE_FILE(*crtend?.o *crtend.o) .ctors)
 *(SORT(.ctors.*))
 *(.ctors)

.dtors
 *crtbegin.o(.dtors)
 *crtbegin?.o(.dtors)
 *(EXCLUDE_FILE(*crtend?.o *crtend.o) .dtors)
 *(SORT(.dtors.*))
 *(.dtors)

.jcr            0x0000000008049f10        0x4
 *(.jcr)
 .jcr           0x0000000008049f10        0x0 /usr/lib/gcc/x86_64-linux-gnu/5/32/crtbegin.o
 .jcr           0x0000000008049f10        0x4 /usr/lib/gcc/x86_64-linux-gnu/5/32/crtend.o

.data.rel.ro
 *(.data.rel.ro.local* .gnu.linkonce.d.rel.ro.local.*)
 *(.data.rel.ro .data.rel.ro.* .gnu.linkonce.d.rel.ro.*)

.dynamic        0x0000000008049f14       0xe8
 *(.dynamic)
 .dynamic       0x0000000008049f14       0xe8 /usr/lib/gcc/x86_64-linux-gnu/5/../../../../lib32/crt1.o
                0x0000000008049f14                _DYNAMIC

.got            0x0000000008049ffc        0x4
 *(.got)
 .got           0x0000000008049ffc        0x4 /usr/lib/gcc/x86_64-linux-gnu/5/../../../../lib32/crt1.o
 *(.igot)
                0x000000000804aff4                . = DATA_SEGMENT_RELRO_END (., (SIZEOF (.got.plt) >= 0xc)?0xc:0x0)

.got.plt        0x000000000804a000       0x48
 *(.got.plt)
 .got.plt       0x000000000804a000       0x48 /usr/lib/gcc/x86_64-linux-gnu/5/../../../../lib32/crt1.o
                0x000000000804a000                _GLOBAL_OFFSET_TABLE_
 *(.igot.plt)
 .igot.plt      0x000000000804a048        0x0 /usr/lib/gcc/x86_64-linux-gnu/5/../../../../lib32/crt1.o

.data           0x000000000804a048        0xc
 *(.data .data.* .gnu.linkonce.d.*)
 .data          0x000000000804a048        0x4 /usr/lib/gcc/x86_64-linux-gnu/5/../../../../lib32/crt1.o
                0x000000000804a048                data_start
                0x000000000804a048                __data_start
 .data          0x000000000804a04c        0x0 /usr/lib/gcc/x86_64-linux-gnu/5/../../../../lib32/crti.o
 .data          0x000000000804a04c        0x4 /usr/lib/gcc/x86_64-linux-gnu/5/32/crtbegin.o
                0x000000000804a04c                __dso_handle
 .data          0x000000000804a050        0x4 hdtrap.o
 .data          0x000000000804a054        0x0 md5.o
 .data          0x000000000804a054        0x0 /usr/lib32/libc_nonshared.a(elf-init.oS)
 .data          0x000000000804a054        0x0 /usr/lib/gcc/x86_64-linux-gnu/5/32/crtend.o
 .data          0x000000000804a054        0x0 /usr/lib/gcc/x86_64-linux-gnu/5/../../../../lib32/crtn.o

.tm_clone_table
                0x000000000804a054        0x0
 .tm_clone_table
                0x000000000804a054        0x0 /usr/lib/gcc/x86_64-linux-gnu/5/32/crtbegin.o
 .tm_clone_table
                0x000000000804a054        0x0 /usr/lib/gcc/x86_64-linux-gnu/5/32/crtend.o

.data1
 *(.data1)
                0x000000000804a054                _edata = .
                [!provide]                        PROVIDE (edata, .)
                0x000000000804a054                . = .
                0x000000000804a054                __bss_start = .

.bss            0x000000000804a054        0x4
 *(.dynbss)
 .dynbss        0x000000000804a054        0x0 /usr/lib/gcc/x86_64-linux-gnu/5/../../../../lib32/crt1.o
 *(.bss .bss.* .gnu.linkonce.b.*)
 .bss           0x000000000804a054        0x0 /usr/lib/gcc/x86_64-linux-gnu/5/../../../../lib32/crt1.o
 .bss           0x000000000804a054        0x0 /usr/lib/gcc/x86_64-linux-gnu/5/../../../../lib32/crti.o
 .bss           0x000000000804a054        0x1 /usr/lib/gcc/x86_64-linux-gnu/5/32/crtbegin.o
 .bss           0x000000000804a055        0x0 hdtrap.o
 .bss           0x000000000804a055        0x0 md5.o
 .bss           0x000000000804a055        0x0 /usr/lib32/libc_nonshared.a(elf-init.oS)
 .bss           0x000000000804a055        0x0 /usr/lib/gcc/x86_64-linux-gnu/5/32/crtend.o
 .bss           0x000000000804a055        0x0 /usr/lib/gcc/x86_64-linux-gnu/5/../../../../lib32/crtn.o
 *(COMMON)
                0x000000000804a058                . = ALIGN ((. != 0x0)?0x4:0x1)
 *fill*         0x000000000804a055        0x3 
                0x000000000804a058                . = ALIGN (0x4)
                0x000000000804a058                . = SEGMENT_START ("ldata-segment", .)
                0x000000000804a058                . = ALIGN (0x4)
                0x000000000804a058                _end = .
                [!provide]                        PROVIDE (end, .)
                0x000000000804a058                . = DATA_SEGMENT_END (.)

.stab
 *(.stab)

.stabstr
 *(.stabstr)

.stab.excl
 *(.stab.excl)

.stab.exclstr
 *(.stab.exclstr)

.stab.index
 *(.stab.index)

.stab.indexstr
 *(.stab.indexstr)

.comment        0x0000000000000000       0x69
 *(.comment)
 .comment       0x0000000000000000       0x35 /usr/lib/gcc/x86_64-linux-gnu/5/32/crtbegin.o
                                         0x36 (size before relaxing)
 .comment       0x0000000000000035       0x36 hdtrap.o
 .comment       0x0000000000000035       0x34 md5.o
                                         0x35 (size before relaxing)
 .comment       0x0000000000000069       0x36 /usr/lib/gcc/x86_64-linux-gnu/5/32/crtend.o

.debug
 *(.debug)

.line
 *(.line)

.debug_srcinfo
 *(.debug_srcinfo)

.debug_sfnames
 *(.debug_sfnames)

.debug_aranges  0x0000000000000000       0x40
 *(.debug_aranges)
 .debug_aranges
                0x0000000000000000       0x20 hdtrap.o
 .debug_aranges
                0x0000000000000020       0x20 md5.o

.debug_pubnames
 *(.debug_pubnames)

.debug_info     0x0000000000000000      0x34e
 *(.debug_info .gnu.linkonce.wi.*)
 .debug_info    0x0000000000000000      0x298 hdtrap.o
 .debug_info    0x0000000000000298       0xb6 md5.o

.debug_abbrev   0x0000000000000000      0x1a6
 *(.debug_abbrev)
 .debug_abbrev  0x0000000000000000      0x11a hdtrap.o
 .debug_abbrev  0x000000000000011a       0x8c md5.o

.debug_line     0x0000000000000000      0x3dc
 *(.debug_line .debug_line.* .debug_line_end)
 .debug_line    0x0000000000000000      0x388 hdtrap.o
 .debug_line    0x0000000000000388       0x54 md5.o

.debug_frame
 *(.debug_frame)

.debug_str      0x0000000000000000     0x9bbc
 *(.debug_str)
 .debug_str     0x0000000000000000     0x9bb1 hdtrap.o
                                       0x9cbd (size before relaxing)
 .debug_str     0x0000000000009bb1        0xb md5.o
                                       0x1989 (size before relaxing)

.debug_loc
 *(.debug_loc)

.debug_macinfo
 *(.debug_macinfo)

.debug_weaknames
 *(.debug_weaknames)

.debug_funcnames
 *(.debug_funcnames)

.debug_typenames
 *(.debug_typenames)

.debug_varnames
 *(.debug_varnames)

.debug_pubtypes
 *(.debug_pubtypes)

.debug_ranges
 *(.debug_ranges)

.debug_macro    0x0000000000000000     0x262f
 *(.debug_macro)
 .debug_macro   0x0000000000000000      0x365 hdtrap.o
 .debug_macro   0x0000000000000365      0x58c hdtrap.o
 .debug_macro   0x00000000000008f1       0x22 hdtrap.o
 .debug_macro   0x0000000000000913      0x179 hdtrap.o
 .debug_macro   0x0000000000000a8c      0x16f hdtrap.o
 .debug_macro   0x0000000000000bfb       0x35 hdtrap.o
 .debug_macro   0x0000000000000c30       0x46 hdtrap.o
 .debug_macro   0x0000000000000c76       0x10 hdtrap.o
 .debug_macro   0x0000000000000c86       0x97 hdtrap.o
 .debug_macro   0x0000000000000d1d       0x5e hdtrap.o
 .debug_macro   0x0000000000000d7b       0xdc hdtrap.o
 .debug_macro   0x0000000000000e57       0x2e hdtrap.o
 .debug_macro   0x0000000000000e85       0x16 hdtrap.o
 .debug_macro   0x0000000000000e9b       0x20 hdtrap.o
 .debug_macro   0x0000000000000ebb       0x1e hdtrap.o
 .debug_macro   0x0000000000000ed9       0x28 hdtrap.o
 .debug_macro   0x0000000000000f01       0x58 hdtrap.o
 .debug_macro   0x0000000000000f59       0x10 hdtrap.o
 .debug_macro   0x0000000000000f69      0x1c2 hdtrap.o
 .debug_macro   0x000000000000112b       0x4a hdtrap.o
 .debug_macro   0x0000000000001175       0x28 hdtrap.o
 .debug_macro   0x000000000000119d       0x27 hdtrap.o
 .debug_macro   0x00000000000011c4       0x16 hdtrap.o
 .debug_macro   0x00000000000011da       0x16 hdtrap.o
 .debug_macro   0x00000000000011f0       0x97 hdtrap.o
 .debug_macro   0x0000000000001287       0x52 hdtrap.o
 .debug_macro   0x00000000000012d9       0x4c hdtrap.o
 .debug_macro   0x0000000000001325       0x1c hdtrap.o
 .debug_macro   0x0000000000001341       0x28 hdtrap.o
 .debug_macro   0x0000000000001369       0x10 hdtrap.o
 .debug_macro   0x0000000000001379       0x4c hdtrap.o
 .debug_macro   0x00000000000013c5       0x22 hdtrap.o
 .debug_macro   0x00000000000013e7       0x62 hdtrap.o
 .debug_macro   0x0000000000001449       0x67 hdtrap.o
 .debug_macro   0x00000000000014b0       0x3a hdtrap.o
 .debug_macro   0x00000000000014ea       0x12 hdtrap.o
 .debug_macro   0x00000000000014fc       0x20 hdtrap.o
 .debug_macro   0x000000000000151c       0x22 hdtrap.o
 .debug_macro   0x000000000000153e       0x10 hdtrap.o
 .debug_macro   0x000000000000154e       0x16 hdtrap.o
 .debug_macro   0x0000000000001564       0x28 hdtrap.o
 .debug_macro   0x000000000000158c       0x10 hdtrap.o
 .debug_macro   0x000000000000159c       0x4c hdtrap.o
 .debug_macro   0x00000000000015e8       0x1c hdtrap.o
 .debug_macro   0x0000000000001604       0x20 hdtrap.o
 .debug_macro   0x0000000000001624       0x60 hdtrap.o
 .debug_macro   0x0000000000001684       0x10 hdtrap.o
 .debug_macro   0x0000000000001694       0x10 hdtrap.o
 .debug_macro   0x00000000000016a4       0x70 hdtrap.o
 .debug_macro   0x0000000000001714      0x190 hdtrap.o
 .debug_macro   0x00000000000018a4       0x4c hdtrap.o
 .debug_macro   0x00000000000018f0       0x27 hdtrap.o
 .debug_macro   0x0000000000001917       0x4a hdtrap.o
 .debug_macro   0x0000000000001961      0x824 hdtrap.o
 .debug_macro   0x0000000000002185       0x20 hdtrap.o
 .debug_macro   0x00000000000021a5       0x28 hdtrap.o
 .debug_macro   0x00000000000021cd       0x16 hdtrap.o
 .debug_macro   0x00000000000021e3      0x106 hdtrap.o
 .debug_macro   0x00000000000022e9       0x22 hdtrap.o
 .debug_macro   0x000000000000230b      0x221 hdtrap.o
 .debug_macro   0x000000000000252c       0x12 hdtrap.o
 .debug_macro   0x000000000000253e       0x64 hdtrap.o
 .debug_macro   0x00000000000025a2       0x28 hdtrap.o
 .debug_macro   0x00000000000025ca       0x1c hdtrap.o
 .debug_macro   0x00000000000025e6       0x2f hdtrap.o
 .debug_macro   0x0000000000002615       0x1a md5.o

.gnu.attributes
 *(.gnu.attributes)

/DISCARD/
 *(.note.GNU-stack)
 *(.gnu_debuglink)
 *(.gnu.lto_*)
OUTPUT(hdtrap elf32-i386)
